---
source: src/tests/cases/ui.rs
expression: "&terminal_draw_events_mirror[0]"
---
                                                                            ┌──────────────────────┐
                  /tmp/bandwhich_tests/medium_width (20.5K)                 │    Space freed: 0    │
                                                                            └──────────────────────┘
┌─────────────────────────────────────────────────┬────────────────────────────────────────────────┐
│                                                 │                                                │
│                                                 │                                                │
│                                                 │                                                │
│                                                 │                                                │
│                                                 │                                                │
│                                                 │                                                │
│                                                 │                                                │
│                                                 │                                                │
│                                                 │                                                │
│                                                 │                                                │
│                                                 │                                                │
│                                                 │                                                │
│                                                 │                                                │
│                                                 │                                                │
│                                                 │                                                │
│                                                 │                                                │
│                      file2                      │                     file3                      │
│                                                 │                                                │
│                   8.2K (40%)                    │                   8.2K (40%)                   │
│                                                 │                                                │
│                                                 │                                                │
│                                                 │                                                │
│                                                 │                                                │
│                                                 │                                                │
│                                                 │                                                │
│                                                 │                                                │
│                                                 │                                                │
│                                                 │                                                │
│                                                 │                                                │
│                                                 │                                                │
│                                                 │                                                │
│                                                 │                                                │
│                                                 │                                                │
│                                                 │                                                │
│                                                 │                                                │
├─────────────────────────────────────────────────┴────────────────────────────────────────────────┤
│                                                                                                  │
│                                                                                                  │
│                                              file1                                               │
│                                                                                                  │
│                                                                                                  │
│                                            4.1K (20%)                                            │
│                                                                                                  │
│                                                                                                  │
└──────────────────────────────────────────────────────────────────────────────────────────────────┘
 x = Small files                                                                                    

