---
source: src/tests/cases/ui.rs
expression: "&terminal_draw_events_mirror[5]"
---
                                                                                                                                                                                              
                                             /tmp/bandwhich_tests/noop wh n_pressing_esc_at base_folder | 12.3K | +4 files                                                                    
                                                                                                                                                                                              
                                                                                                                              ┬                                                               
                                                                                                                              │                                                               
                                                                                                                              │                                                               
                                                                                                                              │                                                               
                                                                                                                              │                                                               
                                                                                                                              │                                                               
                                                                                                                              │                                                               
                                                                                                                              │                                                               
                                                                                                                              │                                                               
                                                                                                                              │                                                               
                                                             file2                                                            │                                                               
                                                                                                                              │                                                               
                                                          4.1K (33%)                                                          │                                                               
                                                                                                                              │                                                               
                                                                                                                              │                                                               
                                                                                                                              │                                                               
                                                                                                                              │                                                               
                                                                                                                              │                                                               
                                                                                                                              │                                                               
                                                                                                                              │                                                               
                                                                                                                              │                                                               
                                                                                                                              │                 subfolder1/ (+1 descendants)                  
├─────────────────────────────────────────────────────────────────────────────────────────────────────────────────────────────┤                                                               
                                                                                                                              │                          4.1K (33%)                           
                                                                                                                              │                                                               
                                                                                                                              │                                                               
                                                                                                                              │                                                               
                                                                                                                              │                                                               
                                                                                                                              │                                                               
                                                                                                                              │                                                               
                                                                                                                              │                                                               
                                                                                                                              │                                                               
                                                             file3                                                            │                                                               
                                                                                                                              │                                                               
                                                          4.1K (33%)                                                          │                                                               
                                                                                                                              │                                                               
                                                                                                                              │                                                               
                                                                                                                              │                                                               
                                                                                                                              │                                                               
                                                                                                                              │                                                               
                                                                                                                              │                                                               
                                                                                                                              │                                                               
                                                                                                                              │                                                               
                                                                                                                              │                                                               
                                                                                                                              ┴                                                               
                                                                                                                                                                                              
                                                                                                                                                                                              

