---
source: src/tests/cases/ui.rs
expression: "&terminal_draw_events_mirror[0]"
---
                                                                                                                                                                                              
                                                                  /tmp/bandwhich_tests/noop_when_pressing_esc_at_base_folder                                                                  
                                                                                                                                                                                              
┌─────────────────────────────────────────────────────────────────────────────────────────────────────────────────────────────┬──────────────────────────────────────────────────────────────┐
│                                                                                                                             │                                                              │
│                                                                                                                             │                                                              │
│                                                                                                                             │                                                              │
│                                                                                                                             │                                                              │
│                                                                                                                             │                                                              │
│                                                                                                                             │                                                              │
│                                                                                                                             │                                                              │
│                                                                                                                             │                                                              │
│                                                                                                                             │                                                              │
│                                                                                                                             │                                                              │
│                                                   => file2 4.1K (33%) <=                                                    │                                                              │
│                                                                                                                             │                                                              │
│                                                                                                                             │                                                              │
│                                                                                                                             │                                                              │
│                                                                                                                             │                                                              │
│                                                                                                                             │                                                              │
│                                                                                                                             │                                                              │
│                                                                                                                             │                                                              │
│                                                                                                                             │                                                              │
│                                                                                                                             │                                                              │
│                                                                                                                             │                                                              │
│                                                                                                                             │                                                              │
├─────────────────────────────────────────────────────────────────────────────────────────────────────────────────────────────┤                    subfolder1/ 4.1K (33%)                    │
│                                                                                                                             │                                                              │
│                                                                                                                             │                                                              │
│                                                                                                                             │                                                              │
│                                                                                                                             │                                                              │
│                                                                                                                             │                                                              │
│                                                                                                                             │                                                              │
│                                                                                                                             │                                                              │
│                                                                                                                             │                                                              │
│                                                                                                                             │                                                              │
│                                                                                                                             │                                                              │
│                                                      file3 4.1K (33%)                                                       │                                                              │
│                                                                                                                             │                                                              │
│                                                                                                                             │                                                              │
│                                                                                                                             │                                                              │
│                                                                                                                             │                                                              │
│                                                                                                                             │                                                              │
│                                                                                                                             │                                                              │
│                                                                                                                             │                                                              │
│                                                                                                                             │                                                              │
│                                                                                                                             │                                                              │
│                                                                                                                             │                                                              │
│                                                                                                                             │                                                              │
└─────────────────────────────────────────────────────────────────────────────────────────────────────────────────────────────┴──────────────────────────────────────────────────────────────┘

