---
source: src/tests/cases/ui.rs
expression: "&terminal_draw_events_mirror[2]"
---
             , freed: 0 | /tmp/bandwhich_tests/enter_fold r_medium_width/subfolder1 (8.0K)
                                                           ─                              
                                                                                          
                                                                                          
                                                                                          
                                                                                          
                                                                                          
                                                                                          
                                                                                          
                                                                                          
                                                                                          
                                                                                          
                                                                                          
                                                                                          
                                                                                          
                                                                                          
                                                                                          
                                                                                          
                                                                                          
                                                                                          
                                                                                          
                                                                                          
                                                                                          
                                          file1                                           
                                                                                          
                                       8.0K (100%)                                        
                                                                                          
                                                                                          
                                                                                          
                                                                                          
                                                                                          
                                                                                          
                                                                                          
                                                                                          
                                                                                          
                                                                                          
│                                                                                        │
                                                                                          
                                                                                          
                                                                                          
                                                                                          
                                                                                          
                                                                                          
                                                                                          
                                                                                          
                                                                                          
                                                                                          
                                                                                          
                                                                                          
                                                                                          

