---
source: src/tests/cases/ui.rs
expression: "&terminal_draw_events_mirror[6]"
---
                                                                                                                                                                                              
                                                                                                                                                                                              
                                                                                                                                                                                              
                                                                                                                                                                                              
                                                                                                                                                                                              
                                                                                                                                                                                              
                                                                                                                                                                                              
                                                                                                                                                                                              
                                                                                                                                                                                              
                                                                                                                                                                                              
                                                                                                                                                                                              
                                                                                                                                                                                              
                                                                                                                                                                                              
                                                                                                                                                                                              
                                                                                                                                                                                              
                                                                                                                                                                                              
                                                                                                                                                                                              
                                                                                                                                                                                              
                                                                                                                                                                                              
                                                                                                                                                                                              
                    ┌─────────────────────────────────────────────────────────────────────────────────────────────────────────────────────────────────────────────────────┐                   
                    │                                                                                                                                                     │                   
                    │                                                                  Delete this file?                                                                  │                   
                    │                                                                                                                                                     │                   
                    │                                                                                                                                                     │                   
                    │                                        /tmp/cosmonaut_tests/permission_denied_when_deleting/subfolder1/file1                                        │                   
                    │                                                                                                                                                     │                   
                    │                                                                                                                                                     │                   
                    │                                                                        (y/n)                                                                        │                   
                    │                                                                                                                                                     │                   
                    └─────────────────────────────────────────────────────────────────────────────────────────────────────────────────────────────────────────────────────┘                   
                                                                                                                                                                                              
                                                                                                                                                                                              
                                                                                                                                                                                              
                                                                                                                                                                                              
                                                                                                                                                                                              
                                                                                                                                                                                              
                                                                                                                                                                                              
                                                                                                                                                                                              
                                                                                                                                                                                              
                                                                                                                                                                                              
                                                                                                                                                                                              
                                                                                                                                                                                              
                                                                                                                                                                                              
                                                                                                                                                                                              
                                                                                                                                                                                              
                                                                                                                                                                                              
                                                                                                                                                                                              
                                                                                                                                                                                              
                                                                                                                                                                                              

