---
source: src/tests/cases/ui.rs
expression: "&terminal_draw_events_mirror[0]"
---
                                                                                                                                                                                              
                                             /tmp/bandwhich_tests/pressing_delete_with_no_selected_tile | 12.3K | +4 files                                                 Space freed: 0     
                                                                                                                                                                                              
┌─────────────────────────────────────────────────────────────────────────────────────────────────────────────────────────────┬──────────────────────────────────────────────────────────────┐
│                                                                                                                             │                                                              │
│                                                                                                                             │                                                              │
│                                                                                                                             │                                                              │
│                                                                                                                             │                                                              │
│                                                                                                                             │                                                              │
│                                                                                                                             │                                                              │
│                                                                                                                             │                                                              │
│                                                                                                                             │                                                              │
│                                                                                                                             │                                                              │
│                                                            file2                                                            │                                                              │
│                                                                                                                             │                                                              │
│                                                         4.1K (33%)                                                          │                                                              │
│                                                                                                                             │                                                              │
│                                                                                                                             │                                                              │
│                                                                                                                             │                                                              │
│                                                                                                                             │                                                              │
│                                                                                                                             │                                                              │
│                                                                                                                             │                                                              │
│                                                                                                                             │                                                              │
│                                                                                                                             │                                                              │
│                                                                                                                             │                 subfolder1/ (+1 descendants)                 │
├─────────────────────────────────────────────────────────────────────────────────────────────────────────────────────────────┤                                                              │
│                                                                                                                             │                          4.1K (33%)                          │
│                                                                                                                             │                                                              │
│                                                                                                                             │                                                              │
│                                                                                                                             │                                                              │
│                                                                                                                             │                                                              │
│                                                                                                                             │                                                              │
│                                                                                                                             │                                                              │
│                                                                                                                             │                                                              │
│                                                                                                                             │                                                              │
│                                                            file3                                                            │                                                              │
│                                                                                                                             │                                                              │
│                                                         4.1K (33%)                                                          │                                                              │
│                                                                                                                             │                                                              │
│                                                                                                                             │                                                              │
│                                                                                                                             │                                                              │
│                                                                                                                             │                                                              │
│                                                                                                                             │                                                              │
│                                                                                                                             │                                                              │
│                                                                                                                             │                                                              │
│                                                                                                                             │                                                              │
│                                                                                                                             │                                                              │
└─────────────────────────────────────────────────────────────────────────────────────────────────────────────────────────────┴──────────────────────────────────────────────────────────────┘
 x = Small files                                                                                                                                                                              
 <hjkl> or <arrow keys> - move around, <ENTER> - enter folder, <ESC> - parent folder, <Ctrl-D> - delete                                                                                       

