---
source: src/tests/cases/ui.rs
expression: "&terminal_draw_events_mirror[0]"
---
┌────────────────────────────────────────────────────────────────────────────────────┐                                                                                                        
│    Base: /tmp/bandwhich_tests/permission_denied_when_deleting | 4.0K | +2 files    │     /tmp/bandwhich_tests/permission_denied_when_deleting | 4.0K | +2 files          Space freed: 0     
└────────────────────────────────────────────────────────────────────────────────────┘                                                                                                        
┌────────────────────────────────────────────────────────────────────────────────────────────────────────────────────────────────────────────────────────────────────────────────────────────┐
│                                                                                                                                                                                            │
│                                                                                                                                                                                            │
│                                                                                                                                                                                            │
│                                                                                                                                                                                            │
│                                                                                                                                                                                            │
│                                                                                                                                                                                            │
│                                                                                                                                                                                            │
│                                                                                                                                                                                            │
│                                                                                                                                                                                            │
│                                                                                                                                                                                            │
│                                                                                                                                                                                            │
│                                                                                                                                                                                            │
│                                                                                                                                                                                            │
│                                                                                                                                                                                            │
│                                                                                                                                                                                            │
│                                                                                                                                                                                            │
│                                                                                                                                                                                            │
│                                                                                                                                                                                            │
│                                                                                                                                                                                            │
│                                                                                                                                                                                            │
│                                                                                subfolder1/ (+1 descendants)                                                                                │
│                                                                                                                                                                                            │
│                                                                                        4.0K (100%)                                                                                         │
│                                                                                                                                                                                            │
│                                                                                                                                                                                            │
│                                                                                                                                                                                            │
│                                                                                                                                                                                            │
│                                                                                                                                                                                            │
│                                                                                                                                                                                            │
│                                                                                                                                                                                            │
│                                                                                                                                                                                            │
│                                                                                                                                                                                            │
│                                                                                                                                                                                            │
│                                                                                                                                                                                            │
│                                                                                                                                                                                            │
│                                                                                                                                                                                            │
│                                                                                                                                                                                            │
│                                                                                                                                                                                            │
│                                                                                                                                                                                            │
│                                                                                                                                                                                            │
│                                                                                                                                                                                            │
│                                                                                                                                                                                            │
│                                                                                                                                                                                            │
└────────────────────────────────────────────────────────────────────────────────────────────────────────────────────────────────────────────────────────────────────────────────────────────┘
 x = Small files                                                                                                                                                                              
 <hjkl> or <arrow keys> - move around, <ENTER> - enter folder, <ESC> - parent folder, <Ctrl-D> - delete                                                                                       

