---
source: src/tests/cases/ui.rs
expression: "&terminal_draw_events_mirror[0]"
---
                                                                                                                                                                                              
                                                                  /tmp/bandwhich_tests/two_large_files_one_small_file (20.5K)                                                                 
                                                                                                                                                                                              
┌──────────────────────────────────────────────────────────────────────────────────────────────────────────────────────────────────────────────────────┬─────────────────────────────────────┐
│                                                                                                                                                      │                                     │
│                                                                                                                                                      │                                     │
│                                                                                                                                                      │                                     │
│                                                                                                                                                      │                                     │
│                                                                                                                                                      │                                     │
│                                                                                                                                                      │                                     │
│                                                                                                                                                      │                                     │
│                                                                                                                                                      │                                     │
│                                                                                                                                                      │                                     │
│                                                                        file2                                                                         │                                     │
│                                                                                                                                                      │                                     │
│                                                                                                                                                      │                                     │
│                                                                      8.2K (40%)                                                                      │                                     │
│                                                                                                                                                      │                                     │
│                                                                                                                                                      │                                     │
│                                                                                                                                                      │                                     │
│                                                                                                                                                      │                                     │
│                                                                                                                                                      │                                     │
│                                                                                                                                                      │                                     │
│                                                                                                                                                      │                                     │
│                                                                                                                                                      │                file1                │
│                                                                                                                                                      │                                     │
├──────────────────────────────────────────────────────────────────────────────────────────────────────────────────────────────────────────────────────┤                                     │
│                                                                                                                                                      │             4.1K (20%)              │
│                                                                                                                                                      │                                     │
│                                                                                                                                                      │                                     │
│                                                                                                                                                      │                                     │
│                                                                                                                                                      │                                     │
│                                                                                                                                                      │                                     │
│                                                                                                                                                      │                                     │
│                                                                                                                                                      │                                     │
│                                                                                                                                                      │                                     │
│                                                                        file3                                                                         │                                     │
│                                                                                                                                                      │                                     │
│                                                                      8.2K (40%)                                                                      │                                     │
│                                                                                                                                                      │                                     │
│                                                                                                                                                      │                                     │
│                                                                                                                                                      │                                     │
│                                                                                                                                                      │                                     │
│                                                                                                                                                      │                                     │
│                                                                                                                                                      │                                     │
│                                                                                                                                                      │                                     │
│                                                                                                                                                      │                                     │
│                                                                                                                                                      │                                     │
└──────────────────────────────────────────────────────────────────────────────────────────────────────────────────────────────────────────────────────┴─────────────────────────────────────┘
 x = Small files                                                                                                                                                                              

