---
source: src/tests/cases/ui.rs
expression: "&terminal_draw_events_mirror[0]"
---
                                                                                                                                                                                              
                                                                        /tmp/bandwhich_tests/move_left_and_enter_folder                                                                       
                                                                                                                                                                                              
┌────────────────────────────────────────────────────────────────────────────────────────────────────────────────────────────────────────────────────────────────────────────────────────────┬
│                                                                                                                                             │                                              │
│                                                                                                                                             │                                              │
│                                                                                                                                             │                                              │
│                                                                                                                                             │                                              │
│                                                                                                                                             │                                              │
│                                                                                                                                             │                                              │
│                                                                                                                                             │                                              │
│                                                                                                                                             │                                              │
│                                                                                                                                             │                                              │
│                                                                                                                                             │                                              │
│                                                                                                                                             │                                              │
│                                                                                                                                             │                                              │
│                                                                                                                                             │                                              │
│                                                                                                                                             │                                              │
│                                                        => subfolder1/ 8.2K (50%) <=                                                         │                                              │
│                                                                                                                                             │                                              │
│                                                                                                                                             │                                              │
│                                                                                                                                             │                                              │
│                                                                                                                                             │                                              │
│                                                                                                                                             │                                              │
│                                                                                                                                             │                                              │
│                                                                                                                                             │                                              │
│                                                                                                                                             │               file3 4.1K (25%)               │
│                                                                                                                                             │                                              │
│                                                                                                                                             │                                              │
│                                                                                                                                             │                                              │
│                                                                                                                                             │                                              │
│                                                                                                                                             │                                              │
│                                                                                                                                             │                                              │
│                                                                                                                                             │                                              │
│─────────────────────────────────────────────────────────────────────────────────────────────────────────────────────────────────────────────│                                              │
│                                                                                                                                             │                                              │
│                                                                                                                                             │                                              │
│                                                                                                                                             │                                              │
│                                                                                                                                             │                                              │
│                                                                                                                                             │                                              │
│                                                                                                                                             │                                              │
│                                                              file2 4.1K (25%)                                                               │                                              │
│                                                                                                                                             │                                              │
│                                                                                                                                             │                                              │
│                                                                                                                                             │                                              │
│                                                                                                                                             │                                              │
│                                                                                                                                             │                                              │
│                                                                                                                                             │                                              │
│                                                                                                                                             │                                              │
└────────────────────────────────────────────────────────────────────────────────────────────────────────────────────────────────────────────────────────────────────────────────────────────┴

