---
source: src/tests/cases/ui.rs
expression: "&terminal_draw_events_mirror[1]"
---
                                                            
                                                            
 GGGGGGGGGGGGGGGGGGGGGGGGGGGGG                              
 GGGGGGGGGGGGGGGGGGGGGGGGGGGGG                              
 GGGGGGGGGGGGGGGGGGGGGGGGGGGGG                              
 GGGGGGGGGGGGGGGGGGGGGGGGGGGGG                              
 GGGGGGGGGGGGGGGGGGGGGGGGGGGGG                              
 GGGGGGGGGGGGGGGGGGGGGGGGGGGGG                              
 GGGGGGGGGGGGGGGGGGGGGGGGGGGGG                              
 GGGGGGGGGGGGGGGGGGGGGGGGGGGGG                              
 GGGGGGGGGGGGGGGGGGGGGGGGGGGGG                              
 GGGGGGGGGGGGGGGGGGGGGGGGGGGGG                              
 GGGGGGGGGGGGGGGGGGGGGGGGGGGGG                              
 GGGGGGGGGGGGGGGGGGGGGGGGGGGGG                              
 GGGGGGGGGGGGGGGGGGGGGGGGGGGGG                              
 GGGGGGGGGGGGfile2GGGGGGGGGGGG                              
 GGGGGGGGGGGGGGGGGGGGGGGGGGGGG                              
 GGGGGGGGGGGGGGGGGGGGGGGGGGGGG                              
 GGGGGGGGG4.0KG(33%)GGGGGGGGGG                              
 GGGGGGGGGGGGGGGGGGGGGGGGGGGGG                              
 GGGGGGGGGGGGGGGGGGGGGGGGGGGGG                              
 GGGGGGGGGGGGGGGGGGGGGGGGGGGGG                              
 GGGGGGGGGGGGGGGGGGGGGGGGGGGGG                              
 GGGGGGGGGGGGGGGGGGGGGGGGGGGGG                              
 GGGGGGGGGGGGGGGGGGGGGGGGGGGGG                              
 GGGGGGGGGGGGGGGGGGGGGGGGGGGGG                              
 GGGGGGGGGGGGGGGGGGGGGGGGGGGGG                              
 GGGGGGGGGGGGGGGGGGGGGGGGGGGGG                              
 GGGGGGGGGGGGGGGGGGGGGGGGGGGGG                              
 GGGGGGGGGGGGGGGGGGGGGGGGGGGGG                              
 GGGGGGGGGGGGGGGGGGGGGGGGGGGGG                              
 GGGGGGGGGGGGGGGGGGGGGGGGGGGGG                              
                                                            
                                                            
                                                            
                                                            
                                                            
                                                            
                                                            
                                                            
                                                            
                                                            
                                                            
                                                            
                                                            
                                                            
                                                            
                                                            
                                                            
                                                            

