---
source: src/tests/cases/ui.rs
expression: "&terminal_draw_events_mirror[3]"
---
                                                                                                                                                                                              
                                                                               /tmp/bandwhich_tests/esc to_go_up                                                                              
                                                                                                                                                                                              
                                                                                                                              ┬                                                               
                                                                                                                              │                                                               
                                                                                                                              │                                                               
                                                                                                                              │                                                               
                                                                                                                              │                                                               
                                                                                                                              │                                                               
                                                                                                                              │                                                               
                                                                                                                              │                                                               
                                                                                                                              │                                                               
                                                                                                                              │                                                               
                                                                                                                              │                                                               
                                                    => file2 4.1K (33%) <=                                                    │                                                               
                                                                                                                              │                                                               
                                                                                                                              │                                                               
                                                                                                                              │                                                               
                                                                                                                              │                                                               
                                                                                                                              │                                                               
                                                                                                                              │                                                               
                                                                                                                              │                                                               
                                                                                                                              │                                                               
                                                                                                                              │                                                               
                                                                                                                              │                                                               
                                                                                                                              │                                                               
├─────────────────────────────────────────────────────────────────────────────────────────────────────────────────────────────│                    subfolder1/ 4.1K (33%)                     
                                                                                                                              │                                                               
                                                                                                                              │                                                               
                                                                                                                              │                                                               
                                                                                                                              │                                                               
                                                                                                                              │                                                               
                                                                                                                              │                                                               
                                                                                                                              │                                                               
                                                                                                                              │                                                               
                                                                                                                              │                                                               
                                                                                                                              │                                                               
                                                       file3 4.1K (33%)                                                       │                                                               
                                                                                                                              │                                                               
                                                                                                                              │                                                               
                                                                                                                              │                                                               
                                                                                                                              │                                                               
                                                                                                                              │                                                               
                                                                                                                              │                                                               
                                                                                                                              │                                                               
                                                                                                                              │                                                               
                                                                                                                              │                                                               
                                                                                                                              │                                                               
                                                                                                                              │                                                               
                                                                                                                              ┴                                                               

