---
source: src/tests/cases/ui.rs
expression: "&terminal_draw_events_mirror[0]"
---
┌──────────────────────────────────────────────────────────────────────────────────┐                                                                                                          
│    Base: /tmp/bandwhich_tests/cannot_move_into_small_files | 2.4M | +12 files    │       /tmp/bandwhich_tests/cannot_move_into_small_files | 2.4M | +12 files            Space freed: 0     
└──────────────────────────────────────────────────────────────────────────────────┘                                                                                                          
┌──────────────────────────────────────────────────────────────────────────────────────────────────────────────────────────────────────────────────────────┬─────────────────────────────────┐
│                                                                                                                                                          │                                 │
│                                                                                                                                                          │                                 │
│                                                                                                                                                          │                                 │
│                                                                                                                                                          │                                 │
│                                                                                                                                                          │                                 │
│                                                                                                                                                          │                                 │
│                                                                                                                                                          │                                 │
│                                                                                                                                                          │                                 │
│                                                                                                                                                          │                                 │
│                                                                          file2                                                                           │                                 │
│                                                                                                                                                          │                                 │
│                                                                        1.0M (41%)                                                                        │                                 │
│                                                                                                                                                          │                                 │
│                                                                                                                                                          │                                 │
│                                                                                                                                                          │                                 │
│                                                                                                                                                          │                                 │
│                                                                                                                                                          │                                 │
│                                                                                                                                                          │                                 │
│                                                                                                                                                          │              file1              │
│                                                                                                                                                          │                                 │
│                                                                                                                                                          │          401.4K (16%)           │
├──────────────────────────────────────────────────────────────────────────────────────────────────────────────────────────────────────────────────────────┤                                 │
│                                                                                                                                                          │                                 │
│                                                                                                                                                          │                                 │
│                                                                                                                                                          │                                 │
│                                                                                                                                                          │                                 │
│                                                                                                                                                          │                                 │
│                                                                                                                                                          │                                 │
│                                                                                                                                                          │                                 │
│                                                                                                                                                          │                                 │
│                                                                                                                                                          │                                 │
│                                                                          file3                                                                           │                                 │
│                                                                                                                                                          │                                 │
│                                                                        1.0M (41%)                                                                        │                                 │
│                                                                                                                                                          │                                 │
│                                                                                                                                                          │                                 │
│                                                                                                                                                          │                                 │
│                                                                                                                                                          │                                 │
│                                                                                                                                                          │                                 │
│                                                                                                                                                          ├─────────────────────────────────┤
│                                                                                                                                                          │xxxxxxxxxxxxxxxxxxxxxxxxxxxxxxxxx│
│                                                                                                                                                          │xxxxxxxxxxxxxxxxxxxxxxxxxxxxxxxxx│
│                                                                                                                                                          │xxxxxxxxxxxxxxxxxxxxxxxxxxxxxxxxx│
└──────────────────────────────────────────────────────────────────────────────────────────────────────────────────────────────────────────────────────────┴─────────────────────────────────┘
 x = Small files                                                                                                                                                                              
 <hjkl> or <arrow keys> - move around, <ENTER> - enter folder, <ESC> - parent folder, <Ctrl-D> - delete                                                                                       

