---
source: src/tests/cases/ui.rs
expression: "&terminal_draw_events_mirror[0]"
---
                                                  
      /tmp/ban[..]ll_width | 20.0K | +3 files     
                                                  
┌────────────────────────┬───────────────────────┐
│                        │                       │
│                        │                       │
│                        │                       │
│                        │                       │
│                        │                       │
│                        │                       │
│                        │                       │
│                        │                       │
│                        │                       │
│                        │                       │
│                        │                       │
│                        │                       │
│                        │                       │
│                        │                       │
│                        │                       │
│         file2          │         file3         │
│                        │                       │
│                        │                       │
│       8.0K (40%)       │      8.0K (40%)       │
│                        │                       │
│                        │                       │
│                        │                       │
│                        │                       │
│                        │                       │
│                        │                       │
│                        │                       │
│                        │                       │
│                        │                       │
│                        │                       │
│                        │                       │
│                        │                       │
│                        │                       │
│                        │                       │
│                        │                       │
├────────────────────────┴───────────────────────┤
│                                                │
│                                                │
│                     file1                      │
│                                                │
│                                                │
│                   4.0K (20%)                   │
│                                                │
│                                                │
└────────────────────────────────────────────────┘
 x = Small files                                  
 ←↓↑→/<ENTER>/<ESC>: navigate, <Ctrl-D>: del      

