---
source: src/tests/cases/ui.rs
expression: "&terminal_draw_events_mirror[3]"
---
                                                  
                                                  
                                                  
                                                  
                                                  
                                                  
                                                  
                                                  
                                                  
                                                  
                                                  
                                                  
                                                  
                                                  
                                                  
                                                  
                                                  
                                                  
                                                  
                                                  
                    ┌─────────┐                   
                    │         │                   
                    │ Delete? │                   
                    │         │                   
                    │         │                   
                    │ s[...]1 │                   
                    │         │                   
                    │         │                   
                    │  (y/n)  │                   
                    │         │                   
                    └─────────┘                   
                                                  
                                                  
                                                  
                                                  
                                                  
                                                  
                                                  
                                                  
                                                  
                                                  
                                                  
                                                  
                                                  
                                                  
                                                  
                                                  
                                                  
                                                  
                                                  

