---
source: src/tests/cases/ui.rs
expression: "&terminal_draw_events_mirror[4]"
---
                                                  
      /tmp/cosmonaut_tests/delete_file (8 2       
                                                  
                                                  
                                                  
                                                  
                                                  
                                                  
                                                  
                                                  
                                                  
                                                  
                                                  
                                                  
                                                  
                                                  
                                                  
                                                  
                                                  
                                                  
                         │                        
                         │                        
                         │                        
                         │                        
          file2          │         file3          
                         │                        
                         │                        
        4.1K (50%)       │      4.1K (50%)        
                         │                        
                         │                        
                         │                        
                                                  
                                                  
│                        │                       │
                         │                        
                         │                        
                         │                        
                         │                        
                         │                        
                         │                        
                         │                        
                         │                        
                         │                        
                         │                        
                         │                        
                         │                        
                         │                        
                         │                        
                         ┴                        
                                                  

