---
source: src/tests/cases/ui.rs
expression: "&terminal_draw_events_mirror[0]"
---
┌────────────────────────────────────────────────────────────────────────────────┐                                                                                                            
│    Base: /tmp/bandwhich_tests/move_down_and_enter_folder | 20.5K | +4 files    │         /tmp/bandwhich_tests/move_down_and_enter_folder | 20.5K | +4 files              Space freed: 0     
└────────────────────────────────────────────────────────────────────────────────┘                                                                                                            
┌──────────────────────────────────────────────────────────────────────────────────────────────────────────────────────────────────────────────────────┬─────────────────────────────────────┐
│                                                                                                                                                      │                                     │
│                                                                                                                                                      │                                     │
│                                                                                                                                                      │                                     │
│                                                                                                                                                      │                                     │
│                                                                                                                                                      │                                     │
│                                                                                                                                                      │                                     │
│                                                                                                                                                      │                                     │
│                                                                                                                                                      │                                     │
│                                                                                                                                                      │                                     │
│                                                                        file2                                                                         │                                     │
│                                                                                                                                                      │                                     │
│                                                                      8.2K (40%)                                                                      │                                     │
│                                                                                                                                                      │                                     │
│                                                                                                                                                      │                                     │
│                                                                                                                                                      │                                     │
│                                                                                                                                                      │                                     │
│                                                                                                                                                      │                                     │
│                                                                                                                                                      │                                     │
│                                                                                                                                                      │                                     │
│                                                                                                                                                      │                                     │
│                                                                                                                                                      │                file1                │
├──────────────────────────────────────────────────────────────────────────────────────────────────────────────────────────────────────────────────────┤                                     │
│                                                                                                                                                      │             4.1K (20%)              │
│                                                                                                                                                      │                                     │
│                                                                                                                                                      │                                     │
│                                                                                                                                                      │                                     │
│                                                                                                                                                      │                                     │
│                                                                                                                                                      │                                     │
│                                                                                                                                                      │                                     │
│                                                                                                                                                      │                                     │
│                                                                                                                                                      │                                     │
│                                                             subfolder1/ (+1 descendants)                                                             │                                     │
│                                                                                                                                                      │                                     │
│                                                                      8.2K (40%)                                                                      │                                     │
│                                                                                                                                                      │                                     │
│                                                                                                                                                      │                                     │
│                                                                                                                                                      │                                     │
│                                                                                                                                                      │                                     │
│                                                                                                                                                      │                                     │
│                                                                                                                                                      │                                     │
│                                                                                                                                                      │                                     │
│                                                                                                                                                      │                                     │
│                                                                                                                                                      │                                     │
└──────────────────────────────────────────────────────────────────────────────────────────────────────────────────────────────────────────────────────┴─────────────────────────────────────┘
 x = Small files                                                                                                                                                                              
 <hjkl> or <arrow keys> - move around, <ENTER> - enter folder, <ESC> - parent folder, <Ctrl-D> - delete                                                                                       

