---
source: src/tests/cases/ui.rs
expression: "&terminal_draw_events_mirror[3]"
---
                                                                                                                                                                                              
                                                                                                                                                                                              
                                                                                                                                                                                              
                                                                                                                                                                                              
                                                                                                                                                                                              
                                                                                                                                                                                              
                                                                                                                                                                                              
                                                                                                                                                                                              
                                                                                                                                                                                              
                                                                                                                                                                                              
                                                                                                                                                                                              
                                                                                                                                                                                              
                                                                                                                                                                                              
                                                                                                                                                                                              
                                                                                                                                                                                              
                                                                                                                                                                                              
                                                                                                                                                                                              
                                                                                                                                                                                              
                                                                                                                                                                                              
                                                                                                                                                                                              
                    ┌─────────────────────────────────────────────────────────────────────────────────────────────────────────────────────────────────────────────────────┐                   
                    │                                                                                                                                                     │                   
                    │                                                                  Delete this file?                                                                  │                   
                    │                                                                                                                                                     │                   
                    │                                                                                                                                                     │                   
                    │                                                    /tmp/bandwhich_tests/delete_folder/subfolder1                                                    │                   
                    │                                                                                                                                                     │                   
                    │                                                                                                                                                     │                   
                    │                                                                        (y/n)                                                                        │                   
                    │                                                                                                                                                     │                   
                    └─────────────────────────────────────────────────────────────────────────────────────────────────────────────────────────────────────────────────────┘                   
                                                                                                                                                                                              
                                                                                                                                                                                              
                                                                                                                                                                                              
                                                                                                                                                                                              
                                                                                                                                                                                              
                                                                                                                                                                                              
                                                                                                                                                                                              
                                                                                                                                                                                              
                                                                                                                                                                                              
                                                                                                                                                                                              
                                                                                                                                                                                              
                                                                                                                                                                                              
                                                                                                                                                                                              
                                                                                                                                                                                              
                                                                                                                                                                                              
                                                                                                                                                                                              
                                                                                                                                                                                              
                                                                                                                                                                                              
                                                                                                                                                                                              

