---
source: src/tests/cases/ui.rs
expression: "&terminal_draw_events_mirror[0]"
---
                                                                                                                                                                                              
                                                                               /tmp/bandwhich_tests/eleven_files                                                                              
                                                                                                                                                                                              
┌─────────────────────────────────────────────────────────────────────────────────────────────────────────┬─────────────────────────────────────────┬────────────────────────────────────────┐
│                                                                                                         │                                         │                                        │
│                                                                                                         │                                         │                                        │
│                                                                                                         │                                         │                                        │
│                                                                                                         │                                         │                                        │
│                                                                                                         │                                         │                                        │
│                                                                                                         │                                         │                                        │
│                                                                                                         │                                         │                                        │
│                                                                                                         │                                         │                                        │
│                                                                                                         │                                         │                                        │
│                                                                                                         │                                         │                                        │
│                                                                                                         │                                         │                                        │
│                                                                                                         │            file6 53.2K (12%)            │           file8 53.2K (12%)            │
│                                        => file7 151.6K (33%) <=                                         │                                         │                                        │
│                                                                                                         │                                         │                                        │
│                                                                                                         │                                         │                                        │
│                                                                                                         │                                         │                                        │
│                                                                                                         │                                         │                                        │
│                                                                                                         │                                         │                                        │
│                                                                                                         │                                         │                                        │
│                                                                                                         │                                         │                                        │
│                                                                                                         │                                         │                                        │
│                                                                                                         │                                         │                                        │
│                                                                                                         │                                         │                                        │
│                                                                                                         ├─────────────────────────────────────────┴───────────┬──────────────┬─────────────┤
│                                                                                                         │                                                     │              │             │
│                                                                                                         │                                                     │              │             │
├─────────────────────────────────────────────────────────────────────────────────────────────────────────│                                                     │              │             │
│                                                                                                         │                                                     │              │             │
│                                                                                                         │                                                     │  fil[..]2%)  │ fil[..]2%)  │
│                                                                                                         │                                                     │              │             │
│                                                                                                         │                                                     │              │             │
│                                           file10 53.2K (12%)                                            │                                                     │              │             │
│                                                                                                         │                  file9 53.2K (12%)                  │              │             │
│                                                                                                         │                                                     │              │             │
│                                                                                                         │                                                     ├──────────────┴─────────────┤
│                                                                                                         │                                                     │                            │
├─────────────────────────────────────────────────────────────────────────────────────────────────────────│                                                     │                            │
│                                                                                                         │                                                     │      file4 8.2K (2%)       │
│                                                                                                         │                                                     │                            │
│                                                                                                         │                                                     │                            │
│                                           file11 53.2K (12%)                                            │                                                     ├────────────────────────────┤
│                                                                                                         │                                                     │                            │
│                                                                                                         ├─────────────────────────────────────────────────────│      file5 8.2K (2%)       │
│                                                                                                         │                   file1 8.2K (2%)                   │                            │
│                                                                                                         │                                                     │                            │
└─────────────────────────────────────────────────────────────────────────────────────────────────────────┴─────────────────────────────────────────────────────┴────────────────────────────┘

