---
source: src/tests/cases/ui.rs
expression: "&terminal_draw_events_mirror[0]"
---
                                                                                                                                                                                              
                                                                /tmp/bandwhich_tests/noop_when_moving_off_screen_edges (12.3K)                                                                
                                                                                                                                                                                              
┌─────────────────────────────────────────────────────────────────────────────────────────────────────────────────────────────┬──────────────────────────────────────────────────────────────┐
│                                                                                                                             │                                                              │
│                                                                                                                             │                                                              │
│                                                                                                                             │                                                              │
│                                                                                                                             │                                                              │
│                                                                                                                             │                                                              │
│                                                                                                                             │                                                              │
│                                                                                                                             │                                                              │
│                                                                                                                             │                                                              │
│                                                                                                                             │                                                              │
│                                                            file1                                                            │                                                              │
│                                                                                                                             │                                                              │
│                                                                                                                             │                                                              │
│                                                         4.1K (33%)                                                          │                                                              │
│                                                                                                                             │                                                              │
│                                                                                                                             │                                                              │
│                                                                                                                             │                                                              │
│                                                                                                                             │                                                              │
│                                                                                                                             │                                                              │
│                                                                                                                             │                                                              │
│                                                                                                                             │                                                              │
│                                                                                                                             │                            file3                             │
│                                                                                                                             │                                                              │
├─────────────────────────────────────────────────────────────────────────────────────────────────────────────────────────────┤                                                              │
│                                                                                                                             │                          4.1K (33%)                          │
│                                                                                                                             │                                                              │
│                                                                                                                             │                                                              │
│                                                                                                                             │                                                              │
│                                                                                                                             │                                                              │
│                                                                                                                             │                                                              │
│                                                                                                                             │                                                              │
│                                                                                                                             │                                                              │
│                                                                                                                             │                                                              │
│                                                            file2                                                            │                                                              │
│                                                                                                                             │                                                              │
│                                                         4.1K (33%)                                                          │                                                              │
│                                                                                                                             │                                                              │
│                                                                                                                             │                                                              │
│                                                                                                                             │                                                              │
│                                                                                                                             │                                                              │
│                                                                                                                             │                                                              │
│                                                                                                                             │                                                              │
│                                                                                                                             │                                                              │
│                                                                                                                             │                                                              │
│                                                                                                                             │                                                              │
└─────────────────────────────────────────────────────────────────────────────────────────────────────────────────────────────┴──────────────────────────────────────────────────────────────┘
 x = Small files                                                                                                                                                                              

